// Jest Snapshot v1, https://goo.gl/fbAQLP

exports[`fetchCities Dispatches FETCH_CITIES 1`] = `
Array [
  Object {
    "payload": undefined,
    "type": "FETCH_CITIES",
  },
]
`;
