// Jest Snapshot v1, https://goo.gl/fbAQLP

exports[`<CityMatcherListComponent /> render() renders CityMatcherListComponent 1`] = `
<div
  className="sc-htpNat fczHYf"
>
  <table
    className="uk-table uk-table-divider uk-table-striped"
  >
    <tbody />
  </table>
</div>
`;
