// Jest Snapshot v1, https://goo.gl/fbAQLP

exports[`INITIAL_STATE is initial 1`] = `
Object {
  "cities": Array [],
  "currentActiveRow": null,
  "currentLog": "",
  "currentQueryOldCities": Array [],
}
`;
